Ошибка:
Введенного слова нет в словаре
-----------------------
Ошибка:
Число букв в веденном слове меньше 5
-----------------------
Ошибка:
Введенного слова нет в словаре
-----------------------
Ошибка:
Число букв в веденном слове больше 5
-----------------------
Ошибка:
Число букв в веденном слове больше 5
-----------------------
Ошибка:
Число букв в веденном слове больше 5
-----------------------
